../Core/Src/st7789.c:47:6:ST7789_TransmitCommand	16	static
../Core/Src/st7789.c:64:6:ST7789_TransmitSingleData	16	static
../Core/Src/st7789.c:82:6:ST7789_TransmitData	24	static
../Core/Src/st7789.c:131:6:ST7789_Init	56	static
../Core/Src/st7789.c:205:6:ST7789_SetRotation	16	static
../Core/Src/st7789.c:230:6:ST7789_SetWindowAddress	32	static
../Core/Src/st7789.c:256:6:ST7789_InvertColors	16	static
../Core/Src/st7789.c:264:6:ST7789_TearEffect	16	static
../Core/Src/st7789.c:273:21:ST7789_Color_GetFromRGB	24	static
../Core/Src/st7789.c:287:21:ST7789_Color_GetFromHex	24	static
../Core/Src/st7789.c:302:6:ST7789_Fill	32	static
../Core/Src/st7789.c:329:6:ST7789_FillScreen	32	static
../Core/Src/st7789.c:379:6:ST7789_DrawPixel	24	static
../Core/Src/st7789.c:397:6:ST7789_DrawPixel_4px	32	static
../Core/Src/st7789.c:411:6:ST7789_DrawLine	40	static
../Core/Src/st7789.c:491:6:ST7789_DrawRectangle	32	static
../Core/Src/st7789.c:502:6:ST7789_DrawFilledRectangle	40	static
../Core/Src/st7789.c:532:6:ST7789_DrawCircle	40	static
../Core/Src/st7789.c:575:6:ST7789_DrawFilledCircle	48	static
../Core/Src/st7789.c:615:6:ST7789_DrawTriangle	32	static
../Core/Src/st7789.c:625:6:ST7789_DrawFilledTriangle	56	static
../Core/Src/st7789.c:699:6:ST7789_PutImage	24	static
../Core/Src/st7789.c:718:6:ST7789_PutChar	40	static
../Core/Src/st7789.c:754:6:ST7789_PutString	32	static
